 0.00000000e+00 0.00000000e+00 0.00000000e+00 0.00000000e+00 0.00000000e+00 0.00000000e+00 0.00000000e+00 0.00000000e+00 0.00000000e+00 0.00000000e+00 0.00000000e+00 0.00000000e+00 5.00000000e-01 0.00000000e+00 0.00000000e+00 0.00000000e+00 0.00000000e+00 0.00000000e+00 0.00000000e+00 0.00000000e+00 0.00000000e+00 0.00000000e+00 0.00000000e+00 0.00000000e+00 0.00000000e+00 0.00000000e+00 0.00000000e+00 0.00000000e+00 0.00000000e+00 0.00000000e+00 0.00000000e+00 0.00000000e+00
 0.00000000e+00 0.00000000e+00 0.00000000e+00 0.00000000e+00 0.00000000e+00 0.00000000e+00 0.00000000e+00 0.00000000e+00 0.00000000e+00 0.00000000e+00 0.00000000e+00 0.00000000e+00 1.27870563e-01 2.58244342e-01 1.18719361e-01 -4.02623805e-02 -5.61812129e-02 -5.24739734e-02 -4.72329276e-02 -4.23394349e-02 -3.79219586e-02 -3.39473148e-02 -3.03724479e-02 -2.71574847e-02 -2.42664433e-02 -2.16669285e-02 -1.93297810e-02 -1.72287543e-02 -1.53402241e-02 -1.36429261e-02 -1.21177207e-02 -1.07473802e-02
