 0.00000000e+00 0.00000000e+00 0.00000000e+00 0.00000000e+00 0.00000000e+00 0.00000000e+00 0.00000000e+00 0.00000000e+00 0.00000000e+00 0.00000000e+00 0.00000000e+00 0.00000000e+00 5.00000000e-01 0.00000000e+00 0.00000000e+00 0.00000000e+00 0.00000000e+00 0.00000000e+00 0.00000000e+00 0.00000000e+00 0.00000000e+00 0.00000000e+00 0.00000000e+00 0.00000000e+00 0.00000000e+00 0.00000000e+00 0.00000000e+00 0.00000000e+00 0.00000000e+00 0.00000000e+00 0.00000000e+00 0.00000000e+00
 0.00000000e+00 0.00000000e+00 0.00000000e+00 0.00000000e+00 0.00000000e+00 0.00000000e+00 0.00000000e+00 0.00000000e+00 0.00000000e+00 0.00000000e+00 0.00000000e+00 0.00000000e+00 1.08504281e-01 2.31621372e-01 1.38614617e-01 1.58040475e-02 -9.84900252e-04 -2.72686896e-03 -2.87772967e-03 -2.87932142e-03 -2.86783482e-03 -2.85529016e-03 -2.84270413e-03 -2.83016008e-03 -2.81766458e-03 -2.80521796e-03 -2.79282009e-03 -2.78047079e-03 -2.76816989e-03 -2.75591721e-03 -2.74371257e-03 -2.73155579e-03
