 0.00000000e+00 0.00000000e+00 0.00000000e+00 0.00000000e+00 0.00000000e+00 0.00000000e+00 0.00000000e+00 0.00000000e+00 0.00000000e+00 0.00000000e+00 0.00000000e+00 0.00000000e+00 5.00000000e-01 0.00000000e+00 0.00000000e+00 0.00000000e+00 0.00000000e+00 0.00000000e+00 0.00000000e+00 0.00000000e+00 0.00000000e+00 0.00000000e+00 0.00000000e+00 0.00000000e+00 0.00000000e+00 0.00000000e+00 0.00000000e+00 0.00000000e+00 0.00000000e+00 0.00000000e+00 0.00000000e+00 0.00000000e+00
 0.00000000e+00 0.00000000e+00 0.00000000e+00 0.00000000e+00 0.00000000e+00 0.00000000e+00 0.00000000e+00 0.00000000e+00 0.00000000e+00 0.00000000e+00 0.00000000e+00 0.00000000e+00 3.39108697e-01 2.23441868e-01 -1.31029191e-01 3.33061907e-02 -2.89386407e-02 -1.68524660e-02 -5.02737225e-03 -2.47225074e-02 -3.06670933e-03 -2.20570849e-02 -5.57507292e-03 -1.81342032e-02 -7.89289483e-03 -1.50756531e-02 -9.23565472e-03 -1.29964131e-02 -9.78591684e-03 -1.16053213e-02 -9.84372912e-03 -1.06315198e-02
